
╔══════════════════════════════════════════════════════════════╗
║        NESTENN JURIDIQUE — ENRICHISSEMENT CORPUS             ║
╚══════════════════════════════════════════════════════════════╝

Config : vague=V1 domaine=tous dry-run=true reindex=false
Domaines à enrichir : gestion_locative, syndic_copropriete, droit_social_immo, fiscalite_investisseurs, sci_patrimoine

✅ Token PISTE OK


🏷️  Domaine [V1] : gestion_locative — Gestion locative

  📄 Source : Loi 89-462 — Gestion locative
     Articles VIGUEUR : 91 (traitement : 91)

  📄 Source : Décret 72-678 — Gestion locative
     Articles VIGUEUR : 107 (traitement : 107)

🏷️  Domaine [V1] : syndic_copropriete — Syndic & AG copropriété

  📄 Source : Loi 65-557 — Syndic
     Articles VIGUEUR : 160 (traitement : 160)

  📄 Source : Décret 67-223 — AG
     Articles VIGUEUR : 186 (traitement : 186)

🏷️  Domaine [V1] : droit_social_immo — Droit social immobilier

  📄 Source : Code du travail — Licenciement motif personnel (L1232-1 et s.)
     Articles VIGUEUR : 14 (traitement : 14)
     [DRY] Art. L1232-1 — Tout licenciement pour motif personnel est motivé dans les c…
     [DRY] Art. L1232-2 — L'employeur qui envisage de licencier un salarié le convoque…
     [DRY] Art. L1232-3 — Au cours de l'entretien préalable, l'employeur indique les m…
     [DRY] Art. L1232-4 — Lors de son audition, le salarié peut se faire assister par …
     [DRY] Art. L1232-5 — Un décret en Conseil d'Etat détermine les modalités d'applic…
     [DRY] Art. L1232-6 — Lorsque l'employeur décide de licencier un salarié, il lui n…
     [DRY] Art. L1232-7 — Le conseiller du salarié est chargé d'assister le salarié lo…
     [DRY] Art. L1232-8 — Dans les établissements d'au moins onze salariés, l'employeu…
     [DRY] Art. L1232-9 — Le temps passé par le conseiller du salarié hors de l'entrep…
     [DRY] Art. L1232-10 — Un décret détermine les modalités d'indemnisation du conseil…
     [DRY] Art. L1232-11 — Les employeurs sont remboursés par l'Etat des salaires maint…
     [DRY] Art. L1232-12 — L'employeur accorde au conseiller du salarié, sur la demande…
     [DRY] Art. L1232-13 — Le conseiller du salarié est tenu au secret professionnel po…
     [DRY] Art. L1232-14 — L'exercice de la mission de conseiller du salarié ne peut êt…

  📄 Source : Code du travail — Rupture conventionnelle et autres cas de rupture (L1237-1+)
     Articles VIGUEUR : 41 (traitement : 20)
     [DRY] Art. L1237-1 — En cas de démission, l'existence et la durée du préavis sont…
     [DRY] Art. L1237-1-1 — Le salarié qui a abandonné volontairement son poste et ne re…
     [DRY] Art. L1237-2 — La rupture d'un contrat de travail à durée indéterminée à l'…
     [DRY] Art. L1237-3 — Lorsqu'un salarié ayant rompu abusivement un contrat de trav…
     [DRY] Art. L1237-4 — Les stipulations relatives au départ à la retraite des salar…
     [DRY] Art. L1237-5 — La mise à la retraite s'entend de la possibilité donnée à l'…
     [DRY] Art. L1237-5-1 — Aucune convention ou accord collectif prévoyant la possibili…
     [DRY] Art. L1237-6 — L'employeur qui décide une mise à la retraite respecte un pr…
     [DRY] Art. L1237-7 — La mise à la retraite d'un salarié lui ouvre droit à une ind…
     [DRY] Art. L1237-8 — Si les conditions de mise à la retraite ne sont pas réunies,…
     [DRY] Art. L1237-9 — Tout salarié quittant volontairement l'entreprise pour bénéf…
     [DRY] Art. L1237-9-1 — Les salariés bénéficient d'une sensibilisation à la lutte co…
     [DRY] Art. L1237-10 — Le salarié demandant son départ à la retraite respecte un pr…
     [DRY] Art. L1237-11 — L'employeur et le salarié peuvent convenir en commun des con…
     [DRY] Art. L1237-12 — Les parties au contrat conviennent du principe d'une rupture…
     [DRY] Art. L1237-13 — La convention de rupture définit les conditions de celle-ci,…
     [DRY] Art. L1237-14 — A l'issue du délai de rétractation, la partie la plus dilige…
     [DRY] Art. L1237-15 — Les salariés bénéficiant d'une protection mentionnés aux art…
     [DRY] Art. L1237-16 — La présente section n'est pas applicable aux ruptures de con…
     [DRY] Art. L1237-17 — Un accord collectif portant gestion prévisionnelle des emplo…

🏷️  Domaine [V1] : fiscalite_investisseurs — Fiscalité des investisseurs

  📄 Source : CGI — Plus-values immobilières (150U-VH)
     Articles VIGUEUR : 15 (traitement : 15)

  📄 Source : CGI — Revenus fonciers (14-33 et s.)
     Articles VIGUEUR : 16 (traitement : 16)

  📄 Source : CGI — BIC / LMNP (art. 34 et s.)
     Articles VIGUEUR : 109 (traitement : 30)

  📄 Source : CGI — IFI (art. 964 et s.)
     Articles VIGUEUR : 23 (traitement : 23)

  📄 Source : CGI — Pinel (199 novovicies) & Denormandie (199 tervicies)
     Articles VIGUEUR : 4 (traitement : 4)
     [DRY] Art. 199 sexvicies — I. – Les contribuables domiciliés en France au sens de l'art…
     [DRY] Art. 199 septvicies — I. – 1. Les contribuables domiciliés en France au sens de l'…
     [DRY] Art. 199 tricies — I.-A.-Le contribuable domicilié en France, au sens de l' art…

🏷️  Domaine [V1] : sci_patrimoine — SCI & patrimoine

  📄 Source : Code civil — Société civile (1845-1870)
     Articles VIGUEUR : 31 (traitement : 30)

  📄 Source : Code civil — Usufruit/NP (578-624)
     Articles VIGUEUR : 59 (traitement : 59)

  📄 Source : Code civil — Indivision (815-1 et s.)
     Articles VIGUEUR : 21 (traitement : 20)

  📄 Source : CGI — SCI transparence IR (art. 8)
     Articles VIGUEUR : 11 (traitement : 10)
     [DRY] Art. 4 A — Les personnes qui ont en France leur domicile fiscal sont pa…
     [DRY] Art. 4 B — 1. Sont considérées comme ayant leur domicile fiscal en Fran…
     [DRY] Art. 4 bis — Sont également passibles de l'impôt sur le revenu : 1° (Abro…
     [DRY] Art. 5 — Sont affranchis de l'impôt sur le revenu : 1° (Disposition p…
     [DRY] Art. 6 — 1. Chaque contribuable est imposable à l'impôt sur le revenu…
     [DRY] Art. 7 — Les règles d'imposition, d'assiette et de liquidation de l'i…
     [DRY] Art. 8 — Sous réserve des dispositions de l'article 6 , les associés …
     [DRY] Art. 8 bis — Les associés ou actionnaires des sociétés visées à l'article…
     [DRY] Art. 8 ter — Les associés des sociétés civiles professionnelles constitué…
     [DRY] Art. 8 quater — Chaque membre des copropriétés de navires régies par les art…

  📄 Source : CGI — Impôt sur les sociétés — champ d'application (art. 206)
     Articles VIGUEUR : 1 (traitement : 1)
     [DRY] Art. 206 — 1. Sous réserve des dispositions des articles 8 ter , 239 bi…

══════════════════════════════════════════════════════════════
📊 RÉSULTAT : ✅ 48 indexés | ⏭  738 déjà présents | ❌ 0 erreurs
   (dry-run — rien écrit en base)

→ Relancer l'audit : npx tsx scripts/audit-coverage.ts
→ Lancer le benchmark : npx tsx scripts/benchmark.ts --limit 120

