
╔══════════════════════════════════════════════════════════════╗
║        NESTENN JURIDIQUE — ENRICHISSEMENT CORPUS             ║
╚══════════════════════════════════════════════════════════════╝

Config : vague=V2 domaine=tous dry-run=false reindex=false

⚠️  Mode ÉCRITURE — les articles seront insérés en base.
   Vérifier d'abord l'état du corpus : npx tsx scripts/audit-coverage.ts
   Utiliser --dry-run pour simuler sans écrire.

Domaines à enrichir : responsabilite_agent, location_touristique, environnement_immo

✅ Token PISTE OK


🏷️  Domaine [V2] : responsabilite_agent — Responsabilité de l'agent

  📄 Source : Loi 70-9 — Hoguet (art. 4)
     Articles VIGUEUR : 38 (traitement : 38)
     🏷️  Art. 1 (tagué: responsabilite_agent)
     🏷️  Art. 1-1 (tagué: responsabilite_agent)
     🏷️  Art. 2 (tagué: responsabilite_agent)
     🏷️  Art. 3 (tagué: responsabilite_agent)
     🏷️  Art. 3-1 (tagué: responsabilite_agent)
     🏷️  Art. 4 (tagué: responsabilite_agent)
     🏷️  Art. 4-1 (tagué: responsabilite_agent)
     🏷️  Art. 4-2 (tagué: responsabilite_agent)
     🏷️  Art. 4-3 (tagué: responsabilite_agent)
     🏷️  Art. 5 (tagué: responsabilite_agent)
     🏷️  Art. 6 (tagué: responsabilite_agent)
     🏷️  Art. 6-1 (tagué: responsabilite_agent)
     🏷️  Art. 6-2 (tagué: responsabilite_agent)
     🏷️  Art. 7 (tagué: responsabilite_agent)
     🏷️  Art. 8 (tagué: responsabilite_agent)
     🏷️  Art. 8-1 (tagué: responsabilite_agent)
     🏷️  Art. 8-2 (tagué: responsabilite_agent)
     🏷️  Art. 8-2-1 (tagué: responsabilite_agent)
     🏷️  Art. 8-3 (tagué: responsabilite_agent)
     🏷️  Art. 9 (tagué: responsabilite_agent)
     🏷️  Art. 10 (tagué: responsabilite_agent)
     🏷️  Art. 11 (tagué: responsabilite_agent)
     🏷️  Art. 12 (tagué: responsabilite_agent)
     🏷️  Art. 13 (tagué: responsabilite_agent)
     🏷️  Art. 19 (tagué: responsabilite_agent)
     🏷️  Art. 19-1 (tagué: responsabilite_agent)
     🏷️  Art. 20 (tagué: responsabilite_agent)
     🏷️  Art. 13-1 (tagué: responsabilite_agent)
     🏷️  Art. 13-2 (tagué: responsabilite_agent)
     🏷️  Art. 13-3 (tagué: responsabilite_agent)
     🏷️  Art. 13-4 (tagué: responsabilite_agent)
     🏷️  Art. 14 (tagué: responsabilite_agent)
     🏷️  Art. 15 (tagué: responsabilite_agent)
     🏷️  Art. 16 (tagué: responsabilite_agent)
     🏷️  Art. 17 (tagué: responsabilite_agent)
     🏷️  Art. 17-1 (tagué: responsabilite_agent)
     🏷️  Art. 17-2 (tagué: responsabilite_agent)
     🏷️  Art. 18 (tagué: responsabilite_agent)

  📄 Source : Décret 2015-1090 — Déontologie
     Articles VIGUEUR : 4 (traitement : 4)
     🏷️  Art. 1 (tagué: responsabilite_agent)
     🏷️  Art. 2 (tagué: responsabilite_agent)
     🏷️  Art. 3 (tagué: responsabilite_agent)
     ✅ Art. 

  📄 Source : Code civil — Responsabilité délictuelle (art. 1240-1242)
     ⚠️  Section LEGISCTA000032021508 introuvable dans LEGITEXT000006070721
     ℹ️  Note : Art. 1240 (faute), 1241 (imprudence), 1242 (fait autrui). Vérifier LEGISCTA via find-legiscta.ts.

🏷️  Domaine [V2] : location_touristique — Location touristique

  📄 Source : Code tourisme — L324 (législatif)
     Articles VIGUEUR : 8 (traitement : 8)
     🏷️  Art. L324-1 (tagué: location_touristique)
     🏷️  Art. L324-1-1 (tagué: location_touristique)
     🏷️  Art. L324-2 (tagué: location_touristique)
     🏷️  Art. L324-2-1 (tagué: location_touristique)
     🏷️  Art. L324-3 (tagué: location_touristique)
     🏷️  Art. L324-4 (tagué: location_touristique)
     🏷️  Art. L324-5 (tagué: location_touristique)
     🏷️  Art. L324-6 (tagué: location_touristique)

  📄 Source : Code tourisme — R324 (réglementaire)
     Articles VIGUEUR : 29 (traitement : 29)
     🏷️  Art. D324-1 (tagué: location_touristique)
     🏷️  Art. D324-1-1 (tagué: location_touristique)
     🏷️  Art. R324-1-2 (tagué: location_touristique)
     🏷️  Art. D324-1-3 (tagué: location_touristique)
     🏷️  Art. R324-1-5 (tagué: location_touristique)
     🏷️  Art. R324-1-6 (tagué: location_touristique)
     🏷️  Art. R324-1-7 (tagué: location_touristique)
     🏷️  Art. R324-2 (tagué: location_touristique)
     🏷️  Art. R324-2-1 (tagué: location_touristique)
     🏷️  Art. R324-2-2 (tagué: location_touristique)
     🏷️  Art. R324-2-3 (tagué: location_touristique)
     🏷️  Art. R324-2-4 (tagué: location_touristique)
     🏷️  Art. R324-2-5 (tagué: location_touristique)
     🏷️  Art. R324-2-6 (tagué: location_touristique)
     🏷️  Art. D324-2-7 (tagué: location_touristique)
     🏷️  Art. D324-2-8 (tagué: location_touristique)
     🏷️  Art. D324-2-9 (tagué: location_touristique)
     🏷️  Art. D324-2-10 (tagué: location_touristique)
     🏷️  Art. D324-2-11 (tagué: location_touristique)
     🏷️  Art. D324-2-12 (tagué: location_touristique)
     🏷️  Art. D324-2-13 (tagué: location_touristique)
     🏷️  Art. D324-2 (tagué: location_touristique)
     🏷️  Art. D324-3 (tagué: location_touristique)
     🏷️  Art. D324-4 (tagué: location_touristique)
     🏷️  Art. D324-5 (tagué: location_touristique)
     🏷️  Art. D324-6 (tagué: location_touristique)
     🏷️  Art. D324-6-1 (tagué: location_touristique)
     🏷️  Art. R324-7 (tagué: location_touristique)
     🏷️  Art. R324-8 (tagué: location_touristique)

  📄 Source : CCH — Changement d'usage (L631-7 et s.)
     ⚠️  Section LEGISCTA000006159521 introuvable dans LEGITEXT000006074096
     ℹ️  Note : Art. L631-7 (autorisation changement usage), L631-7-1 (numéro enregistrement), L631-9 (sanctions). Vérifier LEGISCTA.

🏷️  Domaine [V2] : environnement_immo — Environnement et pollution immobilière

  📄 Source : Code de l'environnement — Information sur les sols pollués (L.125-1 à L.125-9)
     Articles VIGUEUR : 11 (traitement : 11)
     🏷️  Art. L125-1 (tagué: environnement_immo)
     ❌ Tag L125-2 : <!DOCTYPE html>
<!--[if lt IE 7]> <html class="no-js ie6 oldie" lang="en-US"> <![endif]-->
<!--[if IE 7]>    <html class="no-js ie7 oldie" lang="en-US"> <![endif]-->
<!--[if IE 8]>    <html class="no-js ie8 oldie" lang="en-US"> <![endif]-->
<!--[if gt IE 8]><!--> <html class="no-js" lang="en-US"> <!--<![endif]-->
<head>

<title> | 502: Bad gateway</title>
<meta charset="UTF-8" />
<meta http-equiv="Content-Type" content="text/html; charset=UTF-8" />
<meta http-equiv="X-UA-Compatible" content="IE=Edge" />
<meta name="robots" content="noindex, nofollow" />
<meta name="viewport" content="width=device-width,initial-scale=1" />
<link rel="stylesheet" id="cf_styles-css" href="/cdn-cgi/styles/main.css" />
</head>
<body>
<div id="cf-wrapper">
    <div id="cf-error-details" class="p-0">
        <header class="mx-auto pt-10 lg:pt-6 lg:px-8 w-240 lg:w-full mb-8">
            <h1 class="inline-block sm:block sm:mb-2 font-light text-60 lg:text-4xl text-black-dark leading-tight mr-2">
                <span class="inline-block">Bad gateway</span>
                <span class="code-label">Error code 502</span>
            </h1>
            <div>
                Visit <a href="https://www.cloudflare.com/5xx-error-landing?utm_source=errorcode_502&utm_campaign=hhskcebjyoltsvcbpssu.supabase.co" target="_blank" rel="noopener noreferrer">cloudflare.com</a> for more information.
            </div>
            <div class="mt-3">2026-04-12 09:17:11 UTC</div>
        </header>
        <div class="my-8 bg-gradient-gray">
            <div class="w-240 lg:w-full mx-auto">
                <div class="clearfix md:px-8">
                    <div id="cf-browser-status" class=" relative w-1/3 md:w-full py-15 md:p-0 md:py-8 md:text-left md:border-solid md:border-0 md:border-b md:border-gray-400 overflow-hidden float-left md:float-none text-center">
  <div class="relative mb-10 md:m-0">
    
    <span class="cf-icon-browser block md:hidden h-20 bg-center bg-no-repeat"></span>
    <span class="cf-icon-ok w-12 h-12 absolute left-1/2 md:left-auto md:right-0 md:top-0 -ml-6 -bottom-4"></span>
    
  </div>
  <span class="md:block w-full truncate">You</span>
  <h3 class="md:inline-block mt-3 md:mt-0 text-2xl text-gray-600 font-light leading-1.3">
  
    Browser
  
  </h3>
  
  <span class="leading-1.3 text-2xl text-green-success">Working</span>
  
</div>
                    <div id="cf-cloudflare-status" class=" relative w-1/3 md:w-full py-15 md:p-0 md:py-8 md:text-left md:border-solid md:border-0 md:border-b md:border-gray-400 overflow-hidden float-left md:float-none text-center">
  <div class="relative mb-10 md:m-0">
    <a href="https://www.cloudflare.com/5xx-error-landing?utm_source=errorcode_502&#38;utm_campaign=hhskcebjyoltsvcbpssu.supabase.co" target="_blank" rel="noopener noreferrer">
    <span class="cf-icon-cloud block md:hidden h-20 bg-center bg-no-repeat"></span>
    <span class="cf-icon-ok w-12 h-12 absolute left-1/2 md:left-auto md:right-0 md:top-0 -ml-6 -bottom-4"></span>
    </a>
  </div>
  <span class="md:block w-full truncate">Paris</span>
  <h3 class="md:inline-block mt-3 md:mt-0 text-2xl text-gray-600 font-light leading-1.3">
  <a href="https://www.cloudflare.com/5xx-error-landing?utm_source=errorcode_502&utm_campaign=hhskcebjyoltsvcbpssu.supabase.co" target="_blank" rel="noopener noreferrer">
    Cloudflare
  </a>
  </h3>
  
  <span class="leading-1.3 text-2xl text-green-success">Working</span>
  
</div>
                    <div id="cf-host-status" class="cf-error-source relative w-1/3 md:w-full py-15 md:p-0 md:py-8 md:text-left md:border-solid md:border-0 md:border-b md:border-gray-400 overflow-hidden float-left md:float-none text-center">
  <div class="relative mb-10 md:m-0">
    
    <span class="cf-icon-server block md:hidden h-20 bg-center bg-no-repeat"></span>
    <span class="cf-icon-error w-12 h-12 absolute left-1/2 md:left-auto md:right-0 md:top-0 -ml-6 -bottom-4"></span>
    
  </div>
  <span class="md:block w-full truncate">hhskcebjyoltsvcbpssu.supabase.co</span>
  <h3 class="md:inline-block mt-3 md:mt-0 text-2xl text-gray-600 font-light leading-1.3">
  
    Host
  
  </h3>
  
  <span class="leading-1.3 text-2xl text-red-error">Error</span>
  
</div>
                </div>
            </div>
        </div>

        <div class="w-240 lg:w-full mx-auto mb-8 lg:px-8">
            <div class="clearfix">
                <div class="w-1/2 md:w-full float-left pr-6 md:pb-10 md:pr-0 leading-relaxed">
                    <h2 class="text-3xl font-normal leading-1.3 mb-4">What happened?</h2>
                    <p>The web server reported a bad gateway error.</p>
                </div>
                <div class="w-1/2 md:w-full float-left leading-relaxed">
                    <h2 class="text-3xl font-normal leading-1.3 mb-4">What can I do?</h2>
                    <p class="mb-6">Please try again in a few minutes.</p>
                </div>
            </div>
        </div>

        <div class="cf-error-footer cf-wrapper w-240 lg:w-full py-10 sm:py-4 sm:px-8 mx-auto text-center sm:text-left border-solid border-0 border-t border-gray-300">
    <p class="text-13">
      <span class="cf-footer-item sm:block sm:mb-1">Cloudflare Ray ID: <strong class="font-semibold">9eb122f0a855ce93</strong></span>
      <span class="cf-footer-separator sm:hidden">&bull;</span>
      <span id="cf-footer-item-ip" class="cf-footer-item hidden sm:block sm:mb-1">
        Your IP:
        <button type="button" id="cf-footer-ip-reveal" class="cf-footer-ip-reveal-btn">Click to reveal</button>
        <span class="hidden" id="cf-footer-ip">88.169.169.184</span>
        <span class="cf-footer-separator sm:hidden">&bull;</span>
      </span>
      <span class="cf-footer-item sm:block sm:mb-1"><span>Performance &amp; security by</span> <a rel="noopener noreferrer" href="https://www.cloudflare.com/5xx-error-landing?utm_source=errorcode_502&#38;utm_campaign=hhskcebjyoltsvcbpssu.supabase.co" id="brand_link" target="_blank">Cloudflare</a></span>
      
    </p>
    <script>(function(){function d(){var b=a.getElementById("cf-footer-item-ip"),c=a.getElementById("cf-footer-ip-reveal");b&&"classList"in b&&(b.classList.remove("hidden"),c.addEventListener("click",function(){c.classList.add("hidden");a.getElementById("cf-footer-ip").classList.remove("hidden")}))}var a=document;document.addEventListener&&a.addEventListener("DOMContentLoaded",d)})();</script>
  </div><!-- /.error-footer -->

    </div>
</div>
</body>
</html>
     🏷️  Art. L125-2-1 (tagué: environnement_immo)
     🏷️  Art. L125-2-2 (tagué: environnement_immo)
     🏷️  Art. L125-3 (tagué: environnement_immo)
     🏷️  Art. L125-4 (tagué: environnement_immo)
     🏷️  Art. L125-5 (tagué: environnement_immo)
     🏷️  Art. L125-6 (tagué: environnement_immo)
     🏷️  Art. L125-7 (tagué: environnement_immo)
     🏷️  Art. L125-8 (tagué: environnement_immo)
     ✅ Art. L125-9

  📄 Source : Code de l'environnement — ICPE Dispositions générales (L.511-1 et s.)
     Articles VIGUEUR : 3 (traitement : 3)
     ✅ Art. L511-1 A
     ✅ Art. L511-1
     ✅ Art. L511-2

  📄 Source : Code de l'environnement — Responsabilité environnementale (L.160-1 à L.165-2)
     Articles VIGUEUR : 38 (traitement : 38)
     ✅ Art. L160-1
     ✅ Art. L161-1
     ✅ Art. L161-2
     ✅ Art. L161-3
     ✅ Art. L161-4
     ✅ Art. L161-5
     ✅ Art. L162-1
     ✅ Art. L162-2
     ✅ Art. L162-3
     ✅ Art. L162-4
     ✅ Art. L162-5
     ✅ Art. L162-6
     ✅ Art. L162-7
     ✅ Art. L162-8
     ✅ Art. L162-9
     ✅ Art. L162-10
     ✅ Art. L162-11
     ✅ Art. L162-12
     ✅ Art. L162-13
     ✅ Art. L162-14
     ✅ Art. L162-15
     ✅ Art. L162-16
     ✅ Art. L162-17
     ✅ Art. L162-18
     ✅ Art. L162-19
     ✅ Art. L162-20
     ✅ Art. L162-21
     ✅ Art. L162-22
     ✅ Art. L162-23
     ✅ Art. L163-1-A
     ✅ Art. L163-1
     ✅ Art. L163-2
     ✅ Art. L163-4
     ✅ Art. L163-5
     ✅ Art. L164-1
     ✅ Art. L164-2
     ✅ Art. L165-1
     ✅ Art. L165-2

  📄 Source : Code de l'environnement — Sites et sols pollués (L.556-1 à L.556-3)
     Articles VIGUEUR : 4 (traitement : 4)
     ✅ Art. L556-1 A
     ✅ Art. L556-1
     ✅ Art. L556-2
     ✅ Art. L556-3

══════════════════════════════════════════════════════════════
📊 RÉSULTAT : ✅ 134 indexés | ⏭  0 déjà présents | ❌ 3 erreurs

→ Relancer l'audit : npx tsx scripts/audit-coverage.ts
→ Lancer le benchmark : npx tsx scripts/benchmark.ts --limit 120

